{
  "AggregationEnabled": true,
  "AggregationMaxCount": 4294967295,
  "AggregationMaxSize": 51200,
  "CollectionMaxCount": 500,
  "CollectionMaxSize": 5242880,
  "ConnectTimeout": 6000,
  "KinesisEndpoint": "kinesis.ap-southeast-2.amazonaws.com",
  "FailIfThrottled": false,
  "LogLevel": "info",
  "MaxConnections": 24,
  "MetricsGranularity": "shard",
  "MetricsLevel": "detailed",
  "MetricsNamespace": "KinesisProducerLibrary",
  "MetricsUploadDelay": 60000,
  "MinConnections": 1,
  "KinesisPort": 443,
  "RateLimit": 150,
  "RecordMaxBufferedTime": 100,
  "RecordTtl": 30000,
  "Region": "ap-souteast-2",
  "RequestTimeout": 6000,
  "VerifyCertificate": true,
  "ThreadingModel": "PER_REQUEST",
  "ThreadPoolSize": 1
}
